Watching for file changes with StatReloader
Session data corrupted
Not Found: /favicon.ico
Session data corrupted
Not Found: /favicon.ico
Akoyi logged out
Watching for file changes with StatReloader
Watching for file changes with StatReloader
Watching for file changes with StatReloader
Watching for file changes with StatReloader
Internal Server Error: /
Traceback (most recent call last):
  File "C:\Users\user\AppData\Local\Programs\Python\Python314\Lib\site-packages\django\contrib\sessions\backends\base.py", line 246, in _get_session
    return self._session_cache
           ^^^^^^^^^^^^^^^^^^^
AttributeError: 'SessionStore' object has no attribute '_session_cache'

During handling of the above exception, another exception occurred:

Traceback (most recent call last):
  File "C:\Users\user\AppData\Local\Programs\Python\Python314\Lib\site-packages\django\db\backends\utils.py", line 105, in _execute
    return self.cursor.execute(sql, params)
           ~~~~~~~~~~~~~~~~~~~^^^^^^^^^^^^^
  File "C:\Users\user\AppData\Local\Programs\Python\Python314\Lib\site-packages\django\db\backends\sqlite3\base.py", line 359, in execute
    return super().execute(query, params)
           ~~~~~~~~~~~~~~~^^^^^^^^^^^^^^^
sqlite3.OperationalError: no such table: django_session

The above exception was the direct cause of the following exception:

Traceback (most recent call last):
  File "C:\Users\user\AppData\Local\Programs\Python\Python314\Lib\site-packages\django\core\handlers\exception.py", line 55, in inner
    response = get_response(request)
  File "C:\Users\user\AppData\Local\Programs\Python\Python314\Lib\site-packages\django\core\handlers\base.py", line 198, in _get_response
    response = wrapped_callback(request, *callback_args, **callback_kwargs)
  File "C:\Users\user\Pictures\SiayaCountyCivicTrackSystem-master\SiayaCountyCivicTrackSystem-master\civicapp\views.py", line 198, in home
    return render(request, 'civicapp/home.html')
  File "C:\Users\user\AppData\Local\Programs\Python\Python314\Lib\site-packages\django\shortcuts.py", line 25, in render
    content = loader.render_to_string(template_name, context, request, using=using)
  File "C:\Users\user\AppData\Local\Programs\Python\Python314\Lib\site-packages\django\template\loader.py", line 62, in render_to_string
    return template.render(context, request)
           ~~~~~~~~~~~~~~~^^^^^^^^^^^^^^^^^^
  File "C:\Users\user\AppData\Local\Programs\Python\Python314\Lib\site-packages\django\template\backends\django.py", line 107, in render
    return self.template.render(context)
           ~~~~~~~~~~~~~~~~~~~~^^^^^^^^^
  File "C:\Users\user\AppData\Local\Programs\Python\Python314\Lib\site-packages\django\template\base.py", line 174, in render
    return self._render(context)
           ~~~~~~~~~~~~^^^^^^^^^
  File "C:\Users\user\AppData\Local\Programs\Python\Python314\Lib\site-packages\django\template\base.py", line 166, in _render
    return self.nodelist.render(context)
           ~~~~~~~~~~~~~~~~~~~~^^^^^^^^^
  File "C:\Users\user\AppData\Local\Programs\Python\Python314\Lib\site-packages\django\template\base.py", line 1091, in render
    return SafeString("".join([node.render_annotated(context) for node in self]))
                               ~~~~~~~~~~~~~~~~~~~~~^^^^^^^^^
  File "C:\Users\user\AppData\Local\Programs\Python\Python314\Lib\site-packages\django\template\base.py", line 1052, in render_annotated
    return self.render(context)
           ~~~~~~~~~~~^^^^^^^^^
  File "C:\Users\user\AppData\Local\Programs\Python\Python314\Lib\site-packages\django\template\loader_tags.py", line 160, in render
    return compiled_parent._render(context)
           ~~~~~~~~~~~~~~~~~~~~~~~^^^^^^^^^
  File "C:\Users\user\AppData\Local\Programs\Python\Python314\Lib\site-packages\django\template\base.py", line 166, in _render
    return self.nodelist.render(context)
           ~~~~~~~~~~~~~~~~~~~~^^^^^^^^^
  File "C:\Users\user\AppData\Local\Programs\Python\Python314\Lib\site-packages\django\template\base.py", line 1091, in render
    return SafeString("".join([node.render_annotated(context) for node in self]))
                               ~~~~~~~~~~~~~~~~~~~~~^^^^^^^^^
  File "C:\Users\user\AppData\Local\Programs\Python\Python314\Lib\site-packages\django\template\base.py", line 1052, in render_annotated
    return self.render(context)
           ~~~~~~~~~~~^^^^^^^^^
  File "C:\Users\user\AppData\Local\Programs\Python\Python314\Lib\site-packages\django\template\defaulttags.py", line 326, in render
    match = condition.eval(context)
  File "C:\Users\user\AppData\Local\Programs\Python\Python314\Lib\site-packages\django\template\defaulttags.py", line 918, in eval
    return self.value.resolve(context, ignore_failures=True)
           ~~~~~~~~~~~~~~~~~~^^^^^^^^^^^^^^^^^^^^^^^^^^^^^^^
  File "C:\Users\user\AppData\Local\Programs\Python\Python314\Lib\site-packages\django\template\base.py", line 788, in resolve
    obj = self.var.resolve(context)
  File "C:\Users\user\AppData\Local\Programs\Python\Python314\Lib\site-packages\django\template\base.py", line 928, in resolve
    value = self._resolve_lookup(context)
  File "C:\Users\user\AppData\Local\Programs\Python\Python314\Lib\site-packages\django\template\base.py", line 965, in _resolve_lookup
    current = current[bit]
              ~~~~~~~^^^^^
  File "C:\Users\user\AppData\Local\Programs\Python\Python314\Lib\site-packages\django\utils\functional.py", line 251, in inner
    self._setup()
    ~~~~~~~~~~~^^
  File "C:\Users\user\AppData\Local\Programs\Python\Python314\Lib\site-packages\django\utils\functional.py", line 404, in _setup
    self._wrapped = self._setupfunc()
                    ~~~~~~~~~~~~~~~^^
  File "C:\Users\user\AppData\Local\Programs\Python\Python314\Lib\site-packages\django\contrib\auth\middleware.py", line 40, in <lambda>
    request.user = SimpleLazyObject(lambda: get_user(request))
                                            ~~~~~~~~^^^^^^^^^
  File "C:\Users\user\AppData\Local\Programs\Python\Python314\Lib\site-packages\django\contrib\auth\middleware.py", line 20, in get_user
    request._cached_user = auth.get_user(request)
                           ~~~~~~~~~~~~~^^^^^^^^^
  File "C:\Users\user\AppData\Local\Programs\Python\Python314\Lib\site-packages\django\contrib\auth\__init__.py", line 321, in get_user
    user_id = _get_user_session_key(request)
  File "C:\Users\user\AppData\Local\Programs\Python\Python314\Lib\site-packages\django\contrib\auth\__init__.py", line 95, in _get_user_session_key
    return get_user_model()._meta.pk.to_python(request.session[SESSION_KEY])
                                               ~~~~~~~~~~~~~~~^^^^^^^^^^^^^
  File "C:\Users\user\AppData\Local\Programs\Python\Python314\Lib\site-packages\django\contrib\sessions\backends\base.py", line 55, in __getitem__
    return self._session[key]
           ^^^^^^^^^^^^^
  File "C:\Users\user\AppData\Local\Programs\Python\Python314\Lib\site-packages\django\contrib\sessions\backends\base.py", line 251, in _get_session
    self._session_cache = self.load()
                          ~~~~~~~~~^^
  File "C:\Users\user\AppData\Local\Programs\Python\Python314\Lib\site-packages\django\contrib\sessions\backends\db.py", line 55, in load
    s = self._get_session_from_db()
  File "C:\Users\user\AppData\Local\Programs\Python\Python314\Lib\site-packages\django\contrib\sessions\backends\db.py", line 34, in _get_session_from_db
    return self.model.objects.get(
           ~~~~~~~~~~~~~~~~~~~~~~^
        session_key=self.session_key, expire_date__gt=timezone.now()
        ^^^^^^^^^^^^^^^^^^^^^^^^^^^^^^^^^^^^^^^^^^^^^^^^^^^^^^^^^^^^
    )
    ^
  File "C:\Users\user\AppData\Local\Programs\Python\Python314\Lib\site-packages\django\db\models\manager.py", line 87, in manager_method
    return getattr(self.get_queryset(), name)(*args, **kwargs)
           ~~~~~~~~~~~~~~~~~~~~~~~~~~~~~~~~~~^^^^^^^^^^^^^^^^^
  File "C:\Users\user\AppData\Local\Programs\Python\Python314\Lib\site-packages\django\db\models\query.py", line 635, in get
    num = len(clone)
  File "C:\Users\user\AppData\Local\Programs\Python\Python314\Lib\site-packages\django\db\models\query.py", line 372, in __len__
    self._fetch_all()
    ~~~~~~~~~~~~~~~^^
  File "C:\Users\user\AppData\Local\Programs\Python\Python314\Lib\site-packages\django\db\models\query.py", line 2000, in _fetch_all
    self._result_cache = list(self._iterable_class(self))
                         ~~~~^^^^^^^^^^^^^^^^^^^^^^^^^^^^
  File "C:\Users\user\AppData\Local\Programs\Python\Python314\Lib\site-packages\django\db\models\query.py", line 95, in __iter__
    results = compiler.execute_sql(
        chunked_fetch=self.chunked_fetch, chunk_size=self.chunk_size
    )
  File "C:\Users\user\AppData\Local\Programs\Python\Python314\Lib\site-packages\django\db\models\sql\compiler.py", line 1624, in execute_sql
    cursor.execute(sql, params)
    ~~~~~~~~~~~~~~^^^^^^^^^^^^^
  File "C:\Users\user\AppData\Local\Programs\Python\Python314\Lib\site-packages\django\db\backends\utils.py", line 79, in execute
    return self._execute_with_wrappers(
           ~~~~~~~~~~~~~~~~~~~~~~~~~~~^
        sql, params, many=False, executor=self._execute
        ^^^^^^^^^^^^^^^^^^^^^^^^^^^^^^^^^^^^^^^^^^^^^^^
    )
    ^
  File "C:\Users\user\AppData\Local\Programs\Python\Python314\Lib\site-packages\django\db\backends\utils.py", line 92, in _execute_with_wrappers
    return executor(sql, params, many, context)
  File "C:\Users\user\AppData\Local\Programs\Python\Python314\Lib\site-packages\django\db\backends\utils.py", line 100, in _execute
    with self.db.wrap_database_errors:
         ^^^^^^^^^^^^^^^^^^^^^^^^^^^^
  File "C:\Users\user\AppData\Local\Programs\Python\Python314\Lib\site-packages\django\db\utils.py", line 94, in __exit__
    raise dj_exc_value.with_traceback(traceback) from exc_value
  File "C:\Users\user\AppData\Local\Programs\Python\Python314\Lib\site-packages\django\db\backends\utils.py", line 105, in _execute
    return self.cursor.execute(sql, params)
           ~~~~~~~~~~~~~~~~~~~^^^^^^^^^^^^^
  File "C:\Users\user\AppData\Local\Programs\Python\Python314\Lib\site-packages\django\db\backends\sqlite3\base.py", line 359, in execute
    return super().execute(query, params)
           ~~~~~~~~~~~~~~~^^^^^^^^^^^^^^^
django.db.utils.OperationalError: no such table: django_session
Not Found: /favicon.ico
Internal Server Error: /
Traceback (most recent call last):
  File "C:\Users\user\AppData\Local\Programs\Python\Python314\Lib\site-packages\django\contrib\sessions\backends\base.py", line 246, in _get_session
    return self._session_cache
           ^^^^^^^^^^^^^^^^^^^
AttributeError: 'SessionStore' object has no attribute '_session_cache'

During handling of the above exception, another exception occurred:

Traceback (most recent call last):
  File "C:\Users\user\AppData\Local\Programs\Python\Python314\Lib\site-packages\django\db\backends\utils.py", line 105, in _execute
    return self.cursor.execute(sql, params)
           ~~~~~~~~~~~~~~~~~~~^^^^^^^^^^^^^
  File "C:\Users\user\AppData\Local\Programs\Python\Python314\Lib\site-packages\django\db\backends\sqlite3\base.py", line 359, in execute
    return super().execute(query, params)
           ~~~~~~~~~~~~~~~^^^^^^^^^^^^^^^
sqlite3.OperationalError: no such table: django_session

The above exception was the direct cause of the following exception:

Traceback (most recent call last):
  File "C:\Users\user\AppData\Local\Programs\Python\Python314\Lib\site-packages\django\core\handlers\exception.py", line 55, in inner
    response = get_response(request)
  File "C:\Users\user\AppData\Local\Programs\Python\Python314\Lib\site-packages\django\core\handlers\base.py", line 198, in _get_response
    response = wrapped_callback(request, *callback_args, **callback_kwargs)
  File "C:\Users\user\Pictures\SiayaCountyCivicTrackSystem-master\SiayaCountyCivicTrackSystem-master\civicapp\views.py", line 198, in home
    return render(request, 'civicapp/home.html')
  File "C:\Users\user\AppData\Local\Programs\Python\Python314\Lib\site-packages\django\shortcuts.py", line 25, in render
    content = loader.render_to_string(template_name, context, request, using=using)
  File "C:\Users\user\AppData\Local\Programs\Python\Python314\Lib\site-packages\django\template\loader.py", line 62, in render_to_string
    return template.render(context, request)
           ~~~~~~~~~~~~~~~^^^^^^^^^^^^^^^^^^
  File "C:\Users\user\AppData\Local\Programs\Python\Python314\Lib\site-packages\django\template\backends\django.py", line 107, in render
    return self.template.render(context)
           ~~~~~~~~~~~~~~~~~~~~^^^^^^^^^
  File "C:\Users\user\AppData\Local\Programs\Python\Python314\Lib\site-packages\django\template\base.py", line 174, in render
    return self._render(context)
           ~~~~~~~~~~~~^^^^^^^^^
  File "C:\Users\user\AppData\Local\Programs\Python\Python314\Lib\site-packages\django\template\base.py", line 166, in _render
    return self.nodelist.render(context)
           ~~~~~~~~~~~~~~~~~~~~^^^^^^^^^
  File "C:\Users\user\AppData\Local\Programs\Python\Python314\Lib\site-packages\django\template\base.py", line 1091, in render
    return SafeString("".join([node.render_annotated(context) for node in self]))
                               ~~~~~~~~~~~~~~~~~~~~~^^^^^^^^^
  File "C:\Users\user\AppData\Local\Programs\Python\Python314\Lib\site-packages\django\template\base.py", line 1052, in render_annotated
    return self.render(context)
           ~~~~~~~~~~~^^^^^^^^^
  File "C:\Users\user\AppData\Local\Programs\Python\Python314\Lib\site-packages\django\template\loader_tags.py", line 160, in render
    return compiled_parent._render(context)
           ~~~~~~~~~~~~~~~~~~~~~~~^^^^^^^^^
  File "C:\Users\user\AppData\Local\Programs\Python\Python314\Lib\site-packages\django\template\base.py", line 166, in _render
    return self.nodelist.render(context)
           ~~~~~~~~~~~~~~~~~~~~^^^^^^^^^
  File "C:\Users\user\AppData\Local\Programs\Python\Python314\Lib\site-packages\django\template\base.py", line 1091, in render
    return SafeString("".join([node.render_annotated(context) for node in self]))
                               ~~~~~~~~~~~~~~~~~~~~~^^^^^^^^^
  File "C:\Users\user\AppData\Local\Programs\Python\Python314\Lib\site-packages\django\template\base.py", line 1052, in render_annotated
    return self.render(context)
           ~~~~~~~~~~~^^^^^^^^^
  File "C:\Users\user\AppData\Local\Programs\Python\Python314\Lib\site-packages\django\template\defaulttags.py", line 326, in render
    match = condition.eval(context)
  File "C:\Users\user\AppData\Local\Programs\Python\Python314\Lib\site-packages\django\template\defaulttags.py", line 918, in eval
    return self.value.resolve(context, ignore_failures=True)
           ~~~~~~~~~~~~~~~~~~^^^^^^^^^^^^^^^^^^^^^^^^^^^^^^^
  File "C:\Users\user\AppData\Local\Programs\Python\Python314\Lib\site-packages\django\template\base.py", line 788, in resolve
    obj = self.var.resolve(context)
  File "C:\Users\user\AppData\Local\Programs\Python\Python314\Lib\site-packages\django\template\base.py", line 928, in resolve
    value = self._resolve_lookup(context)
  File "C:\Users\user\AppData\Local\Programs\Python\Python314\Lib\site-packages\django\template\base.py", line 965, in _resolve_lookup
    current = current[bit]
              ~~~~~~~^^^^^
  File "C:\Users\user\AppData\Local\Programs\Python\Python314\Lib\site-packages\django\utils\functional.py", line 251, in inner
    self._setup()
    ~~~~~~~~~~~^^
  File "C:\Users\user\AppData\Local\Programs\Python\Python314\Lib\site-packages\django\utils\functional.py", line 404, in _setup
    self._wrapped = self._setupfunc()
                    ~~~~~~~~~~~~~~~^^
  File "C:\Users\user\AppData\Local\Programs\Python\Python314\Lib\site-packages\django\contrib\auth\middleware.py", line 40, in <lambda>
    request.user = SimpleLazyObject(lambda: get_user(request))
                                            ~~~~~~~~^^^^^^^^^
  File "C:\Users\user\AppData\Local\Programs\Python\Python314\Lib\site-packages\django\contrib\auth\middleware.py", line 20, in get_user
    request._cached_user = auth.get_user(request)
                           ~~~~~~~~~~~~~^^^^^^^^^
  File "C:\Users\user\AppData\Local\Programs\Python\Python314\Lib\site-packages\django\contrib\auth\__init__.py", line 321, in get_user
    user_id = _get_user_session_key(request)
  File "C:\Users\user\AppData\Local\Programs\Python\Python314\Lib\site-packages\django\contrib\auth\__init__.py", line 95, in _get_user_session_key
    return get_user_model()._meta.pk.to_python(request.session[SESSION_KEY])
                                               ~~~~~~~~~~~~~~~^^^^^^^^^^^^^
  File "C:\Users\user\AppData\Local\Programs\Python\Python314\Lib\site-packages\django\contrib\sessions\backends\base.py", line 55, in __getitem__
    return self._session[key]
           ^^^^^^^^^^^^^
  File "C:\Users\user\AppData\Local\Programs\Python\Python314\Lib\site-packages\django\contrib\sessions\backends\base.py", line 251, in _get_session
    self._session_cache = self.load()
                          ~~~~~~~~~^^
  File "C:\Users\user\AppData\Local\Programs\Python\Python314\Lib\site-packages\django\contrib\sessions\backends\db.py", line 55, in load
    s = self._get_session_from_db()
  File "C:\Users\user\AppData\Local\Programs\Python\Python314\Lib\site-packages\django\contrib\sessions\backends\db.py", line 34, in _get_session_from_db
    return self.model.objects.get(
           ~~~~~~~~~~~~~~~~~~~~~~^
        session_key=self.session_key, expire_date__gt=timezone.now()
        ^^^^^^^^^^^^^^^^^^^^^^^^^^^^^^^^^^^^^^^^^^^^^^^^^^^^^^^^^^^^
    )
    ^
  File "C:\Users\user\AppData\Local\Programs\Python\Python314\Lib\site-packages\django\db\models\manager.py", line 87, in manager_method
    return getattr(self.get_queryset(), name)(*args, **kwargs)
           ~~~~~~~~~~~~~~~~~~~~~~~~~~~~~~~~~~^^^^^^^^^^^^^^^^^
  File "C:\Users\user\AppData\Local\Programs\Python\Python314\Lib\site-packages\django\db\models\query.py", line 635, in get
    num = len(clone)
  File "C:\Users\user\AppData\Local\Programs\Python\Python314\Lib\site-packages\django\db\models\query.py", line 372, in __len__
    self._fetch_all()
    ~~~~~~~~~~~~~~~^^
  File "C:\Users\user\AppData\Local\Programs\Python\Python314\Lib\site-packages\django\db\models\query.py", line 2000, in _fetch_all
    self._result_cache = list(self._iterable_class(self))
                         ~~~~^^^^^^^^^^^^^^^^^^^^^^^^^^^^
  File "C:\Users\user\AppData\Local\Programs\Python\Python314\Lib\site-packages\django\db\models\query.py", line 95, in __iter__
    results = compiler.execute_sql(
        chunked_fetch=self.chunked_fetch, chunk_size=self.chunk_size
    )
  File "C:\Users\user\AppData\Local\Programs\Python\Python314\Lib\site-packages\django\db\models\sql\compiler.py", line 1624, in execute_sql
    cursor.execute(sql, params)
    ~~~~~~~~~~~~~~^^^^^^^^^^^^^
  File "C:\Users\user\AppData\Local\Programs\Python\Python314\Lib\site-packages\django\db\backends\utils.py", line 79, in execute
    return self._execute_with_wrappers(
           ~~~~~~~~~~~~~~~~~~~~~~~~~~~^
        sql, params, many=False, executor=self._execute
        ^^^^^^^^^^^^^^^^^^^^^^^^^^^^^^^^^^^^^^^^^^^^^^^
    )
    ^
  File "C:\Users\user\AppData\Local\Programs\Python\Python314\Lib\site-packages\django\db\backends\utils.py", line 92, in _execute_with_wrappers
    return executor(sql, params, many, context)
  File "C:\Users\user\AppData\Local\Programs\Python\Python314\Lib\site-packages\django\db\backends\utils.py", line 100, in _execute
    with self.db.wrap_database_errors:
         ^^^^^^^^^^^^^^^^^^^^^^^^^^^^
  File "C:\Users\user\AppData\Local\Programs\Python\Python314\Lib\site-packages\django\db\utils.py", line 94, in __exit__
    raise dj_exc_value.with_traceback(traceback) from exc_value
  File "C:\Users\user\AppData\Local\Programs\Python\Python314\Lib\site-packages\django\db\backends\utils.py", line 105, in _execute
    return self.cursor.execute(sql, params)
           ~~~~~~~~~~~~~~~~~~~^^^^^^^^^^^^^
  File "C:\Users\user\AppData\Local\Programs\Python\Python314\Lib\site-packages\django\db\backends\sqlite3\base.py", line 359, in execute
    return super().execute(query, params)
           ~~~~~~~~~~~~~~~^^^^^^^^^^^^^^^
django.db.utils.OperationalError: no such table: django_session
Not Found: /favicon.ico
Not Found: /favicon.ico
Internal Server Error: /register/
Traceback (most recent call last):
  File "C:\Users\user\AppData\Local\Programs\Python\Python314\Lib\site-packages\django\db\backends\utils.py", line 105, in _execute
    return self.cursor.execute(sql, params)
           ~~~~~~~~~~~~~~~~~~~^^^^^^^^^^^^^
  File "C:\Users\user\AppData\Local\Programs\Python\Python314\Lib\site-packages\django\db\backends\sqlite3\base.py", line 359, in execute
    return super().execute(query, params)
           ~~~~~~~~~~~~~~~^^^^^^^^^^^^^^^
sqlite3.OperationalError: no such table: auth_user

The above exception was the direct cause of the following exception:

Traceback (most recent call last):
  File "C:\Users\user\AppData\Local\Programs\Python\Python314\Lib\site-packages\django\core\handlers\exception.py", line 55, in inner
    response = get_response(request)
  File "C:\Users\user\AppData\Local\Programs\Python\Python314\Lib\site-packages\django\core\handlers\base.py", line 198, in _get_response
    response = wrapped_callback(request, *callback_args, **callback_kwargs)
  File "C:\Users\user\Pictures\SiayaCountyCivicTrackSystem-master\SiayaCountyCivicTrackSystem-master\civicapp\views.py", line 42, in register_view
    if User.objects.filter(username=username).exists():
       ~~~~~~~~~~~~~~~~~~~~~~~~~~~~~~~~~~~~~~~~~~~~~^^
  File "C:\Users\user\AppData\Local\Programs\Python\Python314\Lib\site-packages\django\db\models\query.py", line 1337, in exists
    return self.query.has_results(using=self.db)
           ~~~~~~~~~~~~~~~~~~~~~~^^^^^^^^^^^^^^^
  File "C:\Users\user\AppData\Local\Programs\Python\Python314\Lib\site-packages\django\db\models\sql\query.py", line 686, in has_results
    return compiler.has_results()
           ~~~~~~~~~~~~~~~~~~~~^^
  File "C:\Users\user\AppData\Local\Programs\Python\Python314\Lib\site-packages\django\db\models\sql\compiler.py", line 1592, in has_results
    return bool(self.execute_sql(SINGLE))
                ~~~~~~~~~~~~~~~~^^^^^^^^
  File "C:\Users\user\AppData\Local\Programs\Python\Python314\Lib\site-packages\django\db\models\sql\compiler.py", line 1624, in execute_sql
    cursor.execute(sql, params)
    ~~~~~~~~~~~~~~^^^^^^^^^^^^^
  File "C:\Users\user\AppData\Local\Programs\Python\Python314\Lib\site-packages\django\db\backends\utils.py", line 79, in execute
    return self._execute_with_wrappers(
           ~~~~~~~~~~~~~~~~~~~~~~~~~~~^
        sql, params, many=False, executor=self._execute
        ^^^^^^^^^^^^^^^^^^^^^^^^^^^^^^^^^^^^^^^^^^^^^^^
    )
    ^
  File "C:\Users\user\AppData\Local\Programs\Python\Python314\Lib\site-packages\django\db\backends\utils.py", line 92, in _execute_with_wrappers
    return executor(sql, params, many, context)
  File "C:\Users\user\AppData\Local\Programs\Python\Python314\Lib\site-packages\django\db\backends\utils.py", line 100, in _execute
    with self.db.wrap_database_errors:
         ^^^^^^^^^^^^^^^^^^^^^^^^^^^^
  File "C:\Users\user\AppData\Local\Programs\Python\Python314\Lib\site-packages\django\db\utils.py", line 94, in __exit__
    raise dj_exc_value.with_traceback(traceback) from exc_value
  File "C:\Users\user\AppData\Local\Programs\Python\Python314\Lib\site-packages\django\db\backends\utils.py", line 105, in _execute
    return self.cursor.execute(sql, params)
           ~~~~~~~~~~~~~~~~~~~^^^^^^^^^^^^^
  File "C:\Users\user\AppData\Local\Programs\Python\Python314\Lib\site-packages\django\db\backends\sqlite3\base.py", line 359, in execute
    return super().execute(query, params)
           ~~~~~~~~~~~~~~~^^^^^^^^^^^^^^^
django.db.utils.OperationalError: no such table: auth_user
Watching for file changes with StatReloader
Not Found: /favicon.ico
oops logged out
C:\Users\user\Pictures\SiayaCountyCivicTrackSystem-master\SiayaCountyCivicTrackSystem-master\civicapp\views.py changed, reloading.
Watching for file changes with StatReloader
C:\Users\user\Pictures\SiayaCountyCivicTrackSystem-master\SiayaCountyCivicTrackSystem-master\civicapp\views.py changed, reloading.
Watching for file changes with StatReloader
C:\Users\user\Pictures\SiayaCountyCivicTrackSystem-master\SiayaCountyCivicTrackSystem-master\civicapp\views.py changed, reloading.
Watching for file changes with StatReloader
C:\Users\user\Pictures\SiayaCountyCivicTrackSystem-master\SiayaCountyCivicTrackSystem-master\civicapp\views.py changed, reloading.
Watching for file changes with StatReloader
C:\Users\user\Pictures\SiayaCountyCivicTrackSystem-master\SiayaCountyCivicTrackSystem-master\civicapp\views.py changed, reloading.
Watching for file changes with StatReloader
C:\Users\user\Pictures\SiayaCountyCivicTrackSystem-master\SiayaCountyCivicTrackSystem-master\civicapp\views.py changed, reloading.
Watching for file changes with StatReloader
C:\Users\user\Pictures\SiayaCountyCivicTrackSystem-master\SiayaCountyCivicTrackSystem-master\civicapp\views.py changed, reloading.
Watching for file changes with StatReloader
C:\Users\user\Pictures\SiayaCountyCivicTrackSystem-master\SiayaCountyCivicTrackSystem-master\civicapp\models.py changed, reloading.
Watching for file changes with StatReloader
C:\Users\user\Pictures\SiayaCountyCivicTrackSystem-master\SiayaCountyCivicTrackSystem-master\civicapp\models.py changed, reloading.
Watching for file changes with StatReloader
C:\Users\user\Pictures\SiayaCountyCivicTrackSystem-master\SiayaCountyCivicTrackSystem-master\civicapp\models.py changed, reloading.
Watching for file changes with StatReloader
C:\Users\user\Pictures\SiayaCountyCivicTrackSystem-master\SiayaCountyCivicTrackSystem-master\civicapp\models.py changed, reloading.
Watching for file changes with StatReloader
C:\Users\user\Pictures\SiayaCountyCivicTrackSystem-master\SiayaCountyCivicTrackSystem-master\civicapp\models.py changed, reloading.
Watching for file changes with StatReloader
C:\Users\user\Pictures\SiayaCountyCivicTrackSystem-master\SiayaCountyCivicTrackSystem-master\civicapp\models.py changed, reloading.
Watching for file changes with StatReloader
C:\Users\user\Pictures\SiayaCountyCivicTrackSystem-master\SiayaCountyCivicTrackSystem-master\civicapp\views.py changed, reloading.
Watching for file changes with StatReloader
Watching for file changes with StatReloader
ogom created issue insecurity
Not Found: /media/profiles/1777811844922_Yq3a3YK.IMG_20260503_152331_766.jpg
Not Found: /media/profiles/1777811844922_Yq3a3YK.IMG_20260503_152331_766.jpg
Not Found: /media/profiles/1777811844922_Yq3a3YK.IMG_20260503_152331_766.jpg
Not Found: /media/profiles/1777811844922_Yq3a3YK.IMG_20260503_152331_766.jpg
C:\Users\user\Pictures\SiayaCountyCivicTrackSystem-master\SiayaCountyCivicTrackSystem-master\countycivictrack\settings.py changed, reloading.
Watching for file changes with StatReloader
Not Found: /media/profiles/1777811844922_Yq3a3YK.IMG_20260503_152331_766.jpg
Not Found: /media/profiles/1777811844922_Yq3a3YK.IMG_20260503_152331_766.jpg
Not Found: /media/profiles/1777811844922_Yq3a3YK.IMG_20260503_152331_766.jpg
Watching for file changes with StatReloader
Not Found: /media/profiles/1777811844922_Yq3a3YK.IMG_20260503_152331_766.jpg
C:\Users\user\Pictures\SiayaCountyCivicTrackSystem-master\SiayaCountyCivicTrackSystem-master\civicapp\views.py changed, reloading.
Watching for file changes with StatReloader
C:\Users\user\Pictures\SiayaCountyCivicTrackSystem-master\SiayaCountyCivicTrackSystem-master\civicapp\views.py changed, reloading.
Watching for file changes with StatReloader
C:\Users\user\Pictures\SiayaCountyCivicTrackSystem-master\SiayaCountyCivicTrackSystem-master\civicapp\views.py changed, reloading.
Watching for file changes with StatReloader
Not Found: /media/profiles/1777811844922_Yq3a3YK.IMG_20260503_152331_766.jpg
ogom created issue insecurity
C:\Users\user\Pictures\SiayaCountyCivicTrackSystem-master\SiayaCountyCivicTrackSystem-master\civicapp\views.py changed, reloading.
Watching for file changes with StatReloader
C:\Users\user\Pictures\SiayaCountyCivicTrackSystem-master\SiayaCountyCivicTrackSystem-master\civicapp\views.py changed, reloading.
Watching for file changes with StatReloader
C:\Users\user\Pictures\SiayaCountyCivicTrackSystem-master\SiayaCountyCivicTrackSystem-master\civicapp\views.py changed, reloading.
Watching for file changes with StatReloader
C:\Users\user\Pictures\SiayaCountyCivicTrackSystem-master\SiayaCountyCivicTrackSystem-master\civicapp\views.py changed, reloading.
Watching for file changes with StatReloader
C:\Users\user\Pictures\SiayaCountyCivicTrackSystem-master\SiayaCountyCivicTrackSystem-master\civicapp\views.py changed, reloading.
Watching for file changes with StatReloader
C:\Users\user\Pictures\SiayaCountyCivicTrackSystem-master\SiayaCountyCivicTrackSystem-master\civicapp\views.py changed, reloading.
Watching for file changes with StatReloader
C:\Users\user\Pictures\SiayaCountyCivicTrackSystem-master\SiayaCountyCivicTrackSystem-master\civicapp\views.py changed, reloading.
Watching for file changes with StatReloader
C:\Users\user\Pictures\SiayaCountyCivicTrackSystem-master\SiayaCountyCivicTrackSystem-master\civicapp\views.py changed, reloading.
Watching for file changes with StatReloader
C:\Users\user\Pictures\SiayaCountyCivicTrackSystem-master\SiayaCountyCivicTrackSystem-master\civicapp\views.py changed, reloading.
Watching for file changes with StatReloader
C:\Users\user\Pictures\SiayaCountyCivicTrackSystem-master\SiayaCountyCivicTrackSystem-master\civicapp\views.py changed, reloading.
Watching for file changes with StatReloader
C:\Users\user\Pictures\SiayaCountyCivicTrackSystem-master\SiayaCountyCivicTrackSystem-master\civicapp\views.py changed, reloading.
Watching for file changes with StatReloader
C:\Users\user\Pictures\SiayaCountyCivicTrackSystem-master\SiayaCountyCivicTrackSystem-master\civicapp\views.py changed, reloading.
Watching for file changes with StatReloader
C:\Users\user\Pictures\SiayaCountyCivicTrackSystem-master\SiayaCountyCivicTrackSystem-master\civicapp\views.py changed, reloading.
Watching for file changes with StatReloader
C:\Users\user\Pictures\SiayaCountyCivicTrackSystem-master\SiayaCountyCivicTrackSystem-master\civicapp\views.py changed, reloading.
Watching for file changes with StatReloader
C:\Users\user\Pictures\SiayaCountyCivicTrackSystem-master\SiayaCountyCivicTrackSystem-master\civicapp\views.py changed, reloading.
Watching for file changes with StatReloader
C:\Users\user\Pictures\SiayaCountyCivicTrackSystem-master\SiayaCountyCivicTrackSystem-master\civicapp\views.py changed, reloading.
Watching for file changes with StatReloader
C:\Users\user\Pictures\SiayaCountyCivicTrackSystem-master\SiayaCountyCivicTrackSystem-master\civicapp\views.py changed, reloading.
Watching for file changes with StatReloader
C:\Users\user\Pictures\SiayaCountyCivicTrackSystem-master\SiayaCountyCivicTrackSystem-master\civicapp\views.py changed, reloading.
Watching for file changes with StatReloader
C:\Users\user\Pictures\SiayaCountyCivicTrackSystem-master\SiayaCountyCivicTrackSystem-master\civicapp\views.py changed, reloading.
Watching for file changes with StatReloader
C:\Users\user\Pictures\SiayaCountyCivicTrackSystem-master\SiayaCountyCivicTrackSystem-master\civicapp\views.py changed, reloading.
Watching for file changes with StatReloader
C:\Users\user\Pictures\SiayaCountyCivicTrackSystem-master\SiayaCountyCivicTrackSystem-master\civicapp\views.py changed, reloading.
Watching for file changes with StatReloader
C:\Users\user\Pictures\SiayaCountyCivicTrackSystem-master\SiayaCountyCivicTrackSystem-master\civicapp\views.py changed, reloading.
Watching for file changes with StatReloader
C:\Users\user\Pictures\SiayaCountyCivicTrackSystem-master\SiayaCountyCivicTrackSystem-master\civicapp\views.py changed, reloading.
Watching for file changes with StatReloader
C:\Users\user\Pictures\SiayaCountyCivicTrackSystem-master\SiayaCountyCivicTrackSystem-master\civicapp\views.py changed, reloading.
Watching for file changes with StatReloader
C:\Users\user\Pictures\SiayaCountyCivicTrackSystem-master\SiayaCountyCivicTrackSystem-master\civicapp\views.py changed, reloading.
Watching for file changes with StatReloader
C:\Users\user\Pictures\SiayaCountyCivicTrackSystem-master\SiayaCountyCivicTrackSystem-master\civicapp\views.py changed, reloading.
Watching for file changes with StatReloader
C:\Users\user\Pictures\SiayaCountyCivicTrackSystem-master\SiayaCountyCivicTrackSystem-master\civicapp\views.py changed, reloading.
Watching for file changes with StatReloader
ogom created issue insecurity
Not Found: /media/profiles/1777811844922_Yq3a3YK.IMG_20260503_152331_766.jpg
C:\Users\user\Pictures\SiayaCountyCivicTrackSystem-master\SiayaCountyCivicTrackSystem-master\civicapp\views.py changed, reloading.
Watching for file changes with StatReloader
Not Found: /static/admin/css/base.css
Not Found: /static/admin/css/nav_sidebar.css
Not Found: /static/admin/js/theme.js
Not Found: /static/admin/css/dark_mode.css
Not Found: /static/admin/css/login.css
Not Found: /static/admin/css/responsive.css
Not Found: /static/admin/css/nav_sidebar.css
Not Found: /static/admin/js/nav_sidebar.js
Not Found: /static/admin/css/login.css
Not Found: /favicon.ico
Not Found: /static/admin/css/base.css
Not Found: /static/admin/css/dark_mode.css
Not Found: /static/admin/css/nav_sidebar.css
Not Found: /static/admin/css/login.css
Not Found: /static/admin/js/theme.js
Not Found: /static/admin/css/responsive.css
Not Found: /static/admin/js/nav_sidebar.js
Not Found: /static/admin/css/nav_sidebar.css
Not Found: /static/admin/css/responsive.css
Not Found: /static/admin/css/login.css
Not Found: /static/admin/css/base.css
Not Found: /static/admin/css/nav_sidebar.css
Not Found: /static/admin/js/theme.js
Not Found: /static/admin/css/responsive.css
Not Found: /static/admin/css/login.css
Not Found: /static/admin/css/dark_mode.css
Not Found: /static/admin/css/nav_sidebar.css
Not Found: /static/admin/css/login.css
Not Found: /static/admin/css/responsive.css
Not Found: /static/admin/js/nav_sidebar.js
Not Found: /favicon.ico
Watching for file changes with StatReloader
Not Found: /static/admin/css/base.css
Not Found: /static/admin/css/login.css
Not Found: /static/admin/css/nav_sidebar.css
Not Found: /static/admin/css/dark_mode.css
Not Found: /static/admin/css/responsive.css
Not Found: /static/admin/js/theme.js
Not Found: /static/admin/js/nav_sidebar.js
Not Found: /static/admin/css/nav_sidebar.css
Not Found: /static/admin/css/login.css
Not Found: /static/admin/css/responsive.css
Not Found: /favicon.ico
Not Found: /static/admin/css/base.css
Not Found: /static/admin/css/dark_mode.css
Not Found: /static/admin/css/nav_sidebar.css
Not Found: /static/admin/js/theme.js
Not Found: /static/admin/css/login.css
Not Found: /static/admin/css/responsive.css
Not Found: /static/admin/css/nav_sidebar.css
Not Found: /static/admin/css/login.css
Not Found: /static/admin/js/nav_sidebar.js
Not Found: /static/admin/css/responsive.css
Not Found: /static/admin/css/base.css
Not Found: /static/admin/css/nav_sidebar.css
Not Found: /static/admin/css/login.css
Not Found: /static/admin/css/dark_mode.css
Not Found: /static/admin/js/theme.js
Not Found: /static/admin/css/responsive.css
Not Found: /static/admin/js/nav_sidebar.js
Not Found: /static/admin/css/nav_sidebar.css
Not Found: /static/admin/css/login.css
Not Found: /static/admin/css/responsive.css
Not Found: /static/admin/css/base.css
Not Found: /static/admin/css/dashboard.css
Not Found: /static/admin/js/theme.js
Not Found: /static/admin/css/nav_sidebar.css
Not Found: /static/admin/css/dark_mode.css
Not Found: /static/admin/css/responsive.css
Not Found: /static/admin/js/nav_sidebar.js
Not Found: /static/admin/css/nav_sidebar.css
Not Found: /static/admin/css/dashboard.css
Not Found: /static/admin/css/responsive.css
C:\Users\user\Pictures\SiayaCountyCivicTrackSystem-master\SiayaCountyCivicTrackSystem-master\countycivictrack\settings.py changed, reloading.
Watching for file changes with StatReloader
Not Found: /static/admin/css/base.css
Not Found: /static/admin/css/dark_mode.css
Not Found: /static/admin/css/nav_sidebar.css
Not Found: /static/admin/css/dashboard.css
Not Found: /static/admin/css/responsive.css
Not Found: /static/admin/js/theme.js
Not Found: /static/admin/js/nav_sidebar.js
Not Found: /static/admin/css/nav_sidebar.css
Not Found: /static/admin/css/dashboard.css
Not Found: /static/admin/css/responsive.css
Not Found: /favicon.ico
Watching for file changes with StatReloader
Not Found: /static/admin/css/base.css
Not Found: /static/admin/css/dark_mode.css
Not Found: /static/admin/js/theme.js
Not Found: /static/admin/css/nav_sidebar.css
Not Found: /static/admin/css/dashboard.css
Not Found: /static/admin/css/responsive.css
Not Found: /static/admin/css/nav_sidebar.css
Not Found: /static/admin/js/nav_sidebar.js
Not Found: /favicon.ico
Not Found: /static/admin/css/dashboard.css
Not Found: /static/admin/img/icon-addlink.svg
Not Found: /static/admin/img/icon-changelink.svg
Not Found: /static/admin/js/vendor/jquery/jquery.min.js
Not Found: /static/admin/js/vendor/xregexp/xregexp.min.js
Not Found: /static/admin/css/changelists.css
Not Found: /static/admin/js/jquery.init.js
Not Found: /static/admin/js/urlify.js
Not Found: /static/admin/js/core.js
Not Found: /static/admin/js/admin/RelatedObjectLookups.js
Not Found: /static/admin/js/prepopulate.js
Not Found: /static/admin/js/filters.js
Not Found: /static/admin/js/actions.js
Not Found: /static/admin/img/search.svg
Not Found: /static/admin/js/vendor/jquery/jquery.min.js
Not Found: /static/admin/js/jquery.init.js
Not Found: /static/admin/js/core.js
Not Found: /static/admin/js/admin/RelatedObjectLookups.js
Not Found: /static/admin/js/actions.js
Not Found: /static/admin/js/urlify.js
Not Found: /static/admin/js/prepopulate.js
Not Found: /static/admin/js/vendor/xregexp/xregexp.min.js
Not Found: /static/admin/js/filters.js
Not Found: /static/admin/img/search.svg
Not Found: /static/admin/img/tooltag-add.svg
Not Found: /static/admin/img/icon-viewlink.svg
Not Found: /static/admin/js/vendor/jquery/jquery.min.js
Not Found: /static/admin/js/jquery.init.js
Not Found: /static/admin/js/core.js
Not Found: /static/admin/js/admin/RelatedObjectLookups.js
Not Found: /static/admin/js/actions.js
Not Found: /static/admin/js/vendor/xregexp/xregexp.min.js
Not Found: /static/admin/js/prepopulate.js
Not Found: /static/admin/js/urlify.js
Not Found: /static/admin/css/forms.css
Not Found: /static/admin/js/change_form.js
Not Found: /static/admin/js/prepopulate_init.js
Not Found: /static/admin/img/icon-addlink.svg
Not Found: /static/admin/img/icon-changelink.svg
Not Found: /static/admin/img/icon-viewlink.svg
Not Found: /static/admin/js/vendor/jquery/jquery.min.js
Not Found: /static/admin/js/jquery.init.js
Not Found: /static/admin/js/core.js
Not Found: /static/admin/js/admin/RelatedObjectLookups.js
Not Found: /static/admin/js/actions.js
Not Found: /static/admin/js/urlify.js
Not Found: /static/admin/js/prepopulate.js
Not Found: /static/admin/js/vendor/xregexp/xregexp.min.js
Not Found: /static/admin/img/icon-changelink.svg
Not Found: /static/admin/img/icon-addlink.svg
Not Found: /static/admin/js/change_form.js
Not Found: /static/admin/js/prepopulate_init.js
Not Found: /static/admin/img/icon-viewlink.svg
Not Found: /static/admin/img/icon-deletelink.svg
Not Found: /static/admin/css/changelists.css
Not Found: /static/admin/js/vendor/jquery/jquery.min.js
Not Found: /static/admin/js/jquery.init.js
Not Found: /static/admin/js/core.js
Not Found: /static/admin/js/admin/RelatedObjectLookups.js
Not Found: /static/admin/js/actions.js
Not Found: /static/admin/js/prepopulate.js
Not Found: /static/admin/js/urlify.js
Not Found: /static/admin/js/vendor/xregexp/xregexp.min.js
Not Found: /static/admin/js/filters.js
Not Found: /static/admin/img/icon-yes.svg
Not Found: /static/admin/img/icon-no.svg
Not Found: /static/admin/img/search.svg
Not Found: /static/admin/js/vendor/jquery/jquery.min.js
Not Found: /static/admin/js/jquery.init.js
Not Found: /static/admin/js/core.js
Not Found: /static/admin/js/admin/RelatedObjectLookups.js
Not Found: /static/admin/js/actions.js
Not Found: /static/admin/js/urlify.js
Not Found: /static/admin/js/prepopulate.js
Not Found: /static/admin/js/vendor/xregexp/xregexp.min.js
Not Found: /static/admin/js/filters.js
Not Found: /static/admin/img/search.svg
Not Found: /static/admin/img/icon-no.svg
Not Found: /static/admin/img/icon-yes.svg
Not Found: /static/admin/img/sorting-icons.svg
Not Found: /static/admin/css/base.css
Not Found: /static/admin/css/dark_mode.css
Not Found: /static/admin/js/theme.js
Not Found: /static/admin/js/vendor/jquery/jquery.min.js
Not Found: /static/admin/css/nav_sidebar.css
Not Found: /static/admin/js/jquery.init.js
Not Found: /static/admin/js/core.js
Not Found: /static/admin/js/nav_sidebar.js
Not Found: /static/admin/css/changelists.css
Not Found: /static/admin/js/admin/RelatedObjectLookups.js
Not Found: /static/admin/js/actions.js
Not Found: /static/admin/js/urlify.js
Not Found: /static/admin/js/prepopulate.js
Not Found: /static/admin/js/vendor/xregexp/xregexp.min.js
Not Found: /static/admin/css/responsive.css
Not Found: /static/admin/js/filters.js
Not Found: /static/admin/img/icon-yes.svg
Not Found: /static/admin/img/icon-no.svg
Not Found: /static/admin/img/search.svg
Not Found: /static/admin/js/vendor/jquery/jquery.min.js
Not Found: /static/admin/js/jquery.init.js
Not Found: /static/admin/js/core.js
Not Found: /static/admin/js/admin/RelatedObjectLookups.js
Not Found: /static/admin/js/actions.js
Not Found: /static/admin/js/urlify.js
Not Found: /static/admin/js/prepopulate.js
Not Found: /static/admin/js/vendor/xregexp/xregexp.min.js
Not Found: /static/admin/js/filters.js
Not Found: /static/admin/img/search.svg
Not Found: /static/admin/img/icon-no.svg
Not Found: /static/admin/img/icon-yes.svg
Not Found: /favicon.ico
Not Found: /static/admin/css/base.css
Not Found: /static/admin/css/dark_mode.css
Not Found: /static/admin/js/theme.js
Not Found: /static/admin/js/vendor/jquery/jquery.min.js
Not Found: /static/admin/css/nav_sidebar.css
Not Found: /static/admin/js/nav_sidebar.js
Not Found: /static/admin/js/jquery.init.js
Not Found: /static/admin/css/changelists.css
Not Found: /static/admin/js/admin/RelatedObjectLookups.js
Not Found: /static/admin/js/core.js
Not Found: /static/admin/js/actions.js
Not Found: /static/admin/js/urlify.js
Not Found: /static/admin/js/prepopulate.js
Not Found: /static/admin/css/responsive.css
Not Found: /static/admin/js/vendor/xregexp/xregexp.min.js
Not Found: /static/admin/js/filters.js
Not Found: /static/admin/js/vendor/jquery/jquery.min.js
Not Found: /static/admin/img/icon-yes.svg
Not Found: /static/admin/img/icon-no.svg
Not Found: /static/admin/img/search.svg
Not Found: /static/admin/js/jquery.init.js
Not Found: /static/admin/js/core.js
Not Found: /static/admin/js/admin/RelatedObjectLookups.js
Not Found: /static/admin/js/actions.js
Not Found: /static/admin/js/urlify.js
Not Found: /static/admin/js/prepopulate.js
Not Found: /static/admin/js/vendor/xregexp/xregexp.min.js
Not Found: /static/admin/js/filters.js
Not Found: /static/admin/img/search.svg
Not Found: /static/admin/img/icon-no.svg
Not Found: /static/admin/img/icon-yes.svg
Not Found: /favicon.ico
C:\Users\user\Pictures\SiayaCountyCivicTrackSystem-master\SiayaCountyCivicTrackSystem-master\countycivictrack\urls.py changed, reloading.
Watching for file changes with StatReloader
Not Found: /static/admin/css/base.css
Not Found: /static/admin/css/dark_mode.css
Not Found: /static/admin/js/nav_sidebar.js
Not Found: /static/admin/js/theme.js
Not Found: /static/admin/js/vendor/jquery/jquery.min.js
Not Found: /static/admin/js/jquery.init.js
Not Found: /static/admin/css/nav_sidebar.css
Not Found: /static/admin/js/core.js
Not Found: /static/admin/css/changelists.css
Not Found: /static/admin/js/admin/RelatedObjectLookups.js
Not Found: /static/admin/js/actions.js
Not Found: /static/admin/js/urlify.js
Not Found: /static/admin/js/prepopulate.js
Not Found: /static/admin/js/filters.js
Not Found: /static/admin/js/vendor/xregexp/xregexp.min.js
Not Found: /static/admin/css/responsive.css
Not Found: /static/admin/js/nav_sidebar.js
Not Found: /static/admin/img/icon-yes.svg
Not Found: /static/admin/img/search.svg
Not Found: /static/admin/img/icon-no.svg
Not Found: /static/admin/js/vendor/jquery/jquery.min.js
Not Found: /static/admin/js/jquery.init.js
Not Found: /static/admin/js/core.js
Not Found: /static/admin/js/admin/RelatedObjectLookups.js
Not Found: /static/admin/js/actions.js
Not Found: /static/admin/js/urlify.js
Not Found: /static/admin/js/prepopulate.js
Not Found: /static/admin/js/vendor/xregexp/xregexp.min.js
Not Found: /static/admin/js/filters.js
Not Found: /static/admin/img/search.svg
Not Found: /static/admin/img/icon-no.svg
Not Found: /static/admin/img/icon-yes.svg
Not Found: /favicon.ico
C:\Users\user\Pictures\SiayaCountyCivicTrackSystem-master\SiayaCountyCivicTrackSystem-master\countycivictrack\urls.py changed, reloading.
Watching for file changes with StatReloader
C:\Users\user\Pictures\SiayaCountyCivicTrackSystem-master\SiayaCountyCivicTrackSystem-master\countycivictrack\settings.py changed, reloading.
Watching for file changes with StatReloader
C:\Users\user\Pictures\SiayaCountyCivicTrackSystem-master\SiayaCountyCivicTrackSystem-master\countycivictrack\settings.py changed, reloading.
Watching for file changes with StatReloader
C:\Users\user\Pictures\SiayaCountyCivicTrackSystem-master\SiayaCountyCivicTrackSystem-master\countycivictrack\settings.py changed, reloading.
Watching for file changes with StatReloader
Not Found: /static/admin/css/base.css
Not Found: /static/admin/js/theme.js
Not Found: /static/admin/css/dark_mode.css
Not Found: /static/admin/css/nav_sidebar.css
Not Found: /static/admin/js/vendor/jquery/jquery.min.js
Not Found: /static/admin/js/nav_sidebar.js
Not Found: /static/admin/js/core.js
Not Found: /static/admin/css/changelists.css
Not Found: /static/admin/js/jquery.init.js
Not Found: /static/admin/js/admin/RelatedObjectLookups.js
Not Found: /static/admin/js/actions.js
Not Found: /static/admin/js/urlify.js
Not Found: /static/admin/js/prepopulate.js
Not Found: /static/admin/js/filters.js
Not Found: /static/admin/js/vendor/xregexp/xregexp.min.js
Not Found: /static/admin/css/responsive.css
Not Found: /static/admin/img/icon-yes.svg
Not Found: /static/admin/js/vendor/jquery/jquery.min.js
Not Found: /static/admin/img/search.svg
Not Found: /static/admin/img/icon-no.svg
Not Found: /static/admin/js/jquery.init.js
Not Found: /static/admin/js/core.js
Not Found: /static/admin/js/admin/RelatedObjectLookups.js
Not Found: /static/admin/js/actions.js
Not Found: /static/admin/js/urlify.js
Not Found: /static/admin/js/prepopulate.js
Not Found: /static/admin/js/vendor/xregexp/xregexp.min.js
Not Found: /static/admin/js/filters.js
Not Found: /static/admin/img/search.svg
Not Found: /static/admin/img/icon-yes.svg
Not Found: /static/admin/img/icon-no.svg
Not Found: /favicon.ico
Not Found: /static/admin/js/theme.js
Not Found: /static/admin/js/nav_sidebar.js
Not Found: /static/admin/css/changelists.css
Not Found: /static/admin/js/jquery.init.js
Not Found: /static/admin/js/vendor/jquery/jquery.min.js
Not Found: /static/admin/js/core.js
Not Found: /static/admin/js/admin/RelatedObjectLookups.js
Not Found: /static/admin/js/actions.js
Not Found: /static/admin/js/urlify.js
Not Found: /static/admin/js/prepopulate.js
Not Found: /static/admin/js/vendor/xregexp/xregexp.min.js
Not Found: /static/admin/js/filters.js
Not Found: /static/admin/img/search.svg
Not Found: /static/admin/js/vendor/jquery/jquery.min.js
Not Found: /static/admin/js/jquery.init.js
Not Found: /static/admin/js/core.js
Not Found: /static/admin/js/admin/RelatedObjectLookups.js
Not Found: /static/admin/js/actions.js
Not Found: /static/admin/js/urlify.js
Not Found: /static/admin/js/prepopulate.js
Not Found: /static/admin/js/vendor/xregexp/xregexp.min.js
Not Found: /static/admin/js/filters.js
Not Found: /static/admin/img/search.svg
Not Found: /static/admin/js/theme.js
Not Found: /static/admin/js/nav_sidebar.js
Not Found: /static/admin/css/changelists.css
Not Found: /static/admin/js/vendor/jquery/jquery.min.js
Not Found: /static/admin/js/core.js
Not Found: /static/admin/js/jquery.init.js
Not Found: /static/admin/js/admin/RelatedObjectLookups.js
Not Found: /static/admin/js/urlify.js
Not Found: /static/admin/js/actions.js
Not Found: /static/admin/js/vendor/xregexp/xregexp.min.js
Not Found: /static/admin/js/prepopulate.js
Not Found: /static/admin/js/filters.js
Not Found: /static/admin/img/search.svg
Not Found: /static/admin/js/vendor/jquery/jquery.min.js
Not Found: /static/admin/js/jquery.init.js
Not Found: /static/admin/js/core.js
Not Found: /static/admin/js/admin/RelatedObjectLookups.js
Not Found: /static/admin/js/actions.js
Not Found: /static/admin/js/urlify.js
Not Found: /static/admin/js/prepopulate.js
Not Found: /static/admin/js/vendor/xregexp/xregexp.min.js
Not Found: /static/admin/js/filters.js
Not Found: /static/admin/img/search.svg
Not Found: /static/admin/js/theme.js
Not Found: /static/admin/js/nav_sidebar.js
Not Found: /static/admin/js/jquery.init.js
Not Found: /static/admin/css/changelists.css
Not Found: /static/admin/js/vendor/jquery/jquery.min.js
Not Found: /static/admin/js/core.js
Not Found: /static/admin/js/actions.js
Not Found: /static/admin/js/admin/RelatedObjectLookups.js
Not Found: /static/admin/js/urlify.js
Not Found: /static/admin/js/prepopulate.js
Not Found: /static/admin/js/vendor/xregexp/xregexp.min.js
Not Found: /static/admin/js/filters.js
Not Found: /static/admin/js/nav_sidebar.js
Not Found: /static/admin/img/search.svg
Not Found: /static/admin/js/vendor/jquery/jquery.min.js
Not Found: /static/admin/js/jquery.init.js
Not Found: /static/admin/js/core.js
Not Found: /static/admin/js/admin/RelatedObjectLookups.js
Not Found: /static/admin/js/actions.js
Not Found: /static/admin/js/urlify.js
Not Found: /static/admin/js/prepopulate.js
Not Found: /static/admin/js/vendor/xregexp/xregexp.min.js
Not Found: /static/admin/js/filters.js
Not Found: /static/admin/img/search.svg
Not Found: /static/admin/js/theme.js
Not Found: /static/admin/css/forms.css
Not Found: /static/admin/js/vendor/jquery/jquery.min.js
Not Found: /static/admin/js/nav_sidebar.js
Not Found: /static/admin/js/jquery.init.js
Not Found: /static/admin/js/core.js
Not Found: /static/admin/js/admin/RelatedObjectLookups.js
Not Found: /static/admin/js/actions.js
Not Found: /static/admin/js/vendor/xregexp/xregexp.min.js
Not Found: /static/admin/js/urlify.js
Not Found: /static/admin/js/change_form.js
Not Found: /static/admin/js/prepopulate.js
Not Found: /static/admin/js/prepopulate_init.js
Not Found: /static/admin/img/icon-addlink.svg
Not Found: /static/admin/img/icon-viewlink.svg
Not Found: /static/admin/img/icon-changelink.svg
Not Found: /static/admin/js/vendor/jquery/jquery.min.js
Not Found: /static/admin/js/jquery.init.js
Not Found: /static/admin/js/core.js
Not Found: /static/admin/js/admin/RelatedObjectLookups.js
Not Found: /static/admin/js/actions.js
Not Found: /static/admin/js/urlify.js
Not Found: /static/admin/js/prepopulate.js
Not Found: /static/admin/js/vendor/xregexp/xregexp.min.js
Not Found: /static/admin/img/icon-changelink.svg
Not Found: /static/admin/img/icon-addlink.svg
Not Found: /static/admin/img/icon-viewlink.svg
Not Found: /static/admin/js/prepopulate_init.js
Not Found: /static/admin/js/change_form.js
Not Found: /static/admin/js/theme.js
Not Found: /static/admin/js/nav_sidebar.js
Not Found: /static/admin/css/changelists.css
Not Found: /static/admin/js/jquery.init.js
Not Found: /static/admin/js/vendor/jquery/jquery.min.js
Not Found: /static/admin/js/core.js
Not Found: /static/admin/js/admin/RelatedObjectLookups.js
Not Found: /static/admin/js/actions.js
Not Found: /static/admin/js/urlify.js
Not Found: /static/admin/js/prepopulate.js
Not Found: /static/admin/js/vendor/xregexp/xregexp.min.js
Not Found: /static/admin/js/filters.js
Not Found: /static/admin/img/search.svg
Not Found: /static/admin/js/vendor/jquery/jquery.min.js
Not Found: /static/admin/js/jquery.init.js
Not Found: /static/admin/js/core.js
Not Found: /static/admin/js/admin/RelatedObjectLookups.js
Not Found: /static/admin/js/actions.js
Not Found: /static/admin/js/urlify.js
Not Found: /static/admin/js/prepopulate.js
Not Found: /static/admin/js/vendor/xregexp/xregexp.min.js
Not Found: /static/admin/js/filters.js
Not Found: /static/admin/img/search.svg
Not Found: /static/admin/img/icon-yes.svg
Not Found: /static/admin/css/base.css
Not Found: /static/admin/css/dark_mode.css
Not Found: /static/admin/js/theme.js
Not Found: /static/admin/css/nav_sidebar.css
Not Found: /static/admin/js/jquery.init.js
Not Found: /static/admin/js/nav_sidebar.js
Not Found: /static/admin/js/vendor/jquery/jquery.min.js
Not Found: /static/admin/css/changelists.css
Not Found: /static/admin/js/admin/RelatedObjectLookups.js
Not Found: /static/admin/js/actions.js
Not Found: /static/admin/js/core.js
Not Found: /static/admin/js/urlify.js
Not Found: /static/admin/js/prepopulate.js
Not Found: /static/admin/js/vendor/xregexp/xregexp.min.js
Not Found: /static/admin/js/filters.js
Not Found: /static/admin/css/responsive.css
Not Found: /static/admin/js/vendor/jquery/jquery.min.js
Not Found: /static/admin/img/search.svg
Not Found: /static/admin/js/jquery.init.js
Not Found: /static/admin/js/core.js
Not Found: /static/admin/js/admin/RelatedObjectLookups.js
Not Found: /static/admin/js/actions.js
Not Found: /static/admin/js/urlify.js
Not Found: /static/admin/js/prepopulate.js
Not Found: /static/admin/js/vendor/xregexp/xregexp.min.js
Not Found: /static/admin/js/filters.js
Not Found: /static/admin/img/search.svg
Not Found: /favicon.ico
Admin logged out
Watching for file changes with StatReloader
C:\Users\user\Pictures\SiayaCountyCivicTrackSystem-master\SiayaCountyCivicTrackSystem-master\countycivictrack\settings.py changed, reloading.
Watching for file changes with StatReloader
C:\Users\user\Pictures\SiayaCountyCivicTrackSystem-master\SiayaCountyCivicTrackSystem-master\countycivictrack\settings.py changed, reloading.
Watching for file changes with StatReloader
Not Found: /static/admin/js/theme.js
Not Found: /static/admin/js/nav_sidebar.js
Not Found: /static/admin/js/theme.js
Not Found: /static/admin/js/nav_sidebar.js
Not Found: /static/admin/css/dashboard.css
Not Found: /static/admin/js/nav_sidebar.js
Not Found: /static/admin/js/theme.js
Not Found: /static/admin/css/changelists.css
Not Found: /static/admin/js/nav_sidebar.js
Not Found: /static/admin/js/core.js
Not Found: /static/admin/js/admin/RelatedObjectLookups.js
Not Found: /static/admin/js/vendor/jquery/jquery.min.js
Not Found: /static/admin/js/jquery.init.js
Not Found: /static/admin/js/actions.js
Not Found: /static/admin/js/urlify.js
Not Found: /static/admin/js/prepopulate.js
Not Found: /static/admin/js/vendor/xregexp/xregexp.min.js
Not Found: /static/admin/js/filters.js
Not Found: /static/admin/img/search.svg
Not Found: /static/admin/js/vendor/jquery/jquery.min.js
Not Found: /static/admin/js/jquery.init.js
Not Found: /static/admin/js/core.js
Not Found: /static/admin/js/admin/RelatedObjectLookups.js
Not Found: /static/admin/js/actions.js
Not Found: /static/admin/js/urlify.js
Not Found: /static/admin/js/prepopulate.js
Not Found: /static/admin/js/vendor/xregexp/xregexp.min.js
Not Found: /static/admin/js/filters.js
Not Found: /static/admin/img/search.svg
Not Found: /static/admin/js/theme.js
Not Found: /static/admin/js/nav_sidebar.js
Not Found: /static/admin/css/dashboard.css
Not Found: /static/admin/js/theme.js
Not Found: /static/admin/css/changelists.css
Not Found: /static/admin/js/nav_sidebar.js
Not Found: /static/admin/js/vendor/jquery/jquery.min.js
Not Found: /static/admin/js/jquery.init.js
Not Found: /static/admin/js/admin/RelatedObjectLookups.js
Not Found: /static/admin/js/core.js
Not Found: /static/admin/js/actions.js
Not Found: /static/admin/js/urlify.js
Not Found: /static/admin/js/prepopulate.js
Not Found: /static/admin/js/filters.js
Not Found: /static/admin/js/vendor/xregexp/xregexp.min.js
Not Found: /static/admin/js/nav_sidebar.js
Not Found: /static/admin/css/changelists.css
Not Found: /static/admin/img/search.svg
Not Found: /static/admin/img/icon-yes.svg
Not Found: /static/admin/img/icon-no.svg
Not Found: /static/admin/js/vendor/jquery/jquery.min.js
Not Found: /static/admin/js/jquery.init.js
Not Found: /static/admin/js/core.js
Not Found: /static/admin/js/admin/RelatedObjectLookups.js
Not Found: /static/admin/js/actions.js
Not Found: /static/admin/js/urlify.js
Not Found: /static/admin/js/prepopulate.js
Not Found: /static/admin/js/vendor/xregexp/xregexp.min.js
Not Found: /static/admin/js/filters.js
Not Found: /static/admin/img/search.svg
Not Found: /static/admin/img/icon-yes.svg
Not Found: /static/admin/img/icon-no.svg
Admin logged out
Not Found: /favicon.ico
Not Found: /officer/admin/
Not Found: /static/admin/css/base.css
Not Found: /static/admin/css/dark_mode.css
Not Found: /static/admin/css/nav_sidebar.css
Not Found: /static/admin/css/login.css
Not Found: /static/admin/css/responsive.css
Not Found: /static/admin/js/theme.js
Not Found: /static/admin/js/nav_sidebar.js
Not Found: /static/admin/css/nav_sidebar.css
Not Found: /static/admin/css/login.css
Not Found: /static/admin/css/responsive.css
Not Found: /static/admin/css/base.css
Not Found: /static/admin/css/dark_mode.css
Not Found: /static/admin/css/nav_sidebar.css
Not Found: /static/admin/js/theme.js
Not Found: /static/admin/css/login.css
Not Found: /static/admin/css/responsive.css
Not Found: /static/admin/css/nav_sidebar.css
Not Found: /static/admin/js/nav_sidebar.js
Not Found: /favicon.ico
willy logged out
C:\Users\user\Pictures\SiayaCountyCivicTrackSystem-master\SiayaCountyCivicTrackSystem-master\countycivictrack\urls.py changed, reloading.
Watching for file changes with StatReloader
Watching for file changes with StatReloader
Not Found: /favicon.ico
Not Found: /favicon.ico
Admin logged out
